../Core/Src/main.c:100:6:updateClockBuffer	16	static
../Core/Src/main.c:66:5:main	24	static
../Core/Src/main.c:142:6:SystemClock_Config	72	static
../Core/Src/main.c:179:13:MX_TIM2_Init	32	static
../Core/Src/main.c:224:13:MX_GPIO_Init	40	static
../Core/Src/main.c:267:6:off_all_SEG	8	static
../Core/Src/main.c:277:8:display7SEG	16	static
../Core/Src/main.c:378:8:turnonlyLED	16	static
../Core/Src/main.c:406:8:update7SEG	16	static
../Core/Src/main.c:437:8:HAL_TIM_PeriodElapsedCallback	16	static
../Core/Src/main.c:469:6:Error_Handler	4	static,ignoring_inline_asm
